n:\stn\rc_src\sigpro\vs16\release\sigpro_dll\sigpro.dll
n:\stn\rc_src\sigpro\vs16\release\sigpro.pdb
o:\stn\rc_src\sigpro\vs16\release\sigpro_dll\sigpro.dll
o:\stn\rc_src\sigpro\vs16\release\sigpro.pdb
o:\stn\rc_src\sigpro\vs16\release\sigpro_dll\anafilt.pdb
o:\stn\rc_src\sigpro\vs16\release\sigpro_dll\anafilt.obj
o:\stn\rc_src\sigpro\vs16\release\sigpro_dll\cdb.pdb
o:\stn\rc_src\sigpro\vs16\release\sigpro_dll\cdb.obj
o:\stn\rc_src\sigpro\vs16\release\sigpro_dll\chirp.pdb
o:\stn\rc_src\sigpro\vs16\release\sigpro_dll\chirp.obj
o:\stn\rc_src\sigpro\vs16\release\sigpro_dll\convert.pdb
o:\stn\rc_src\sigpro\vs16\release\sigpro_dll\convert.obj
o:\stn\rc_src\sigpro\vs16\release\sigpro_dll\crfft.pdb
o:\stn\rc_src\sigpro\vs16\release\sigpro_dll\crfft.obj
o:\stn\rc_src\sigpro\vs16\release\sigpro_dll\fft.pdb
o:\stn\rc_src\sigpro\vs16\release\sigpro_dll\fft.obj
o:\stn\rc_src\sigpro\vs16\release\sigpro_dll\fftfilt.pdb
o:\stn\rc_src\sigpro\vs16\release\sigpro_dll\fftfilt.obj
o:\stn\rc_src\sigpro\vs16\release\sigpro_dll\filter.pdb
o:\stn\rc_src\sigpro\vs16\release\sigpro_dll\filter.obj
o:\stn\rc_src\sigpro\vs16\release\sigpro_dll\fmins.pdb
o:\stn\rc_src\sigpro\vs16\release\sigpro_dll\fmins.obj
o:\stn\rc_src\sigpro\vs16\release\sigpro_dll\fminsearch.pdb
o:\stn\rc_src\sigpro\vs16\release\sigpro_dll\fminsearch.obj
o:\stn\rc_src\sigpro\vs16\release\sigpro_dll\freqshape.pdb
o:\stn\rc_src\sigpro\vs16\release\sigpro_dll\freqshape.obj
o:\stn\rc_src\sigpro\vs16\release\sigpro_dll\interp.pdb
o:\stn\rc_src\sigpro\vs16\release\sigpro_dll\interp.obj
o:\stn\rc_src\sigpro\vs16\release\sigpro_dll\linspace.pdb
o:\stn\rc_src\sigpro\vs16\release\sigpro_dll\linspace.obj
o:\stn\rc_src\sigpro\vs16\release\sigpro_dll\matvar.pdb
o:\stn\rc_src\sigpro\vs16\release\sigpro_dll\matvar.obj
o:\stn\rc_src\sigpro\vs16\release\sigpro_dll\rand.pdb
o:\stn\rc_src\sigpro\vs16\release\sigpro_dll\rand.obj
o:\stn\rc_src\sigpro\vs16\release\sigpro_dll\randflat.pdb
o:\stn\rc_src\sigpro\vs16\release\sigpro_dll\randflat.obj
o:\stn\rc_src\sigpro\vs16\release\sigpro_dll\rcfft.pdb
o:\stn\rc_src\sigpro\vs16\release\sigpro_dll\rcfft.obj
o:\stn\rc_src\sigpro\vs16\release\sigpro_dll\scalar.pdb
o:\stn\rc_src\sigpro\vs16\release\sigpro_dll\scalar.obj
o:\stn\rc_src\sigpro\vs16\release\sigpro_dll\sigpro.pdb
o:\stn\rc_src\sigpro\vs16\release\sigpro_dll\sigpro.obj
o:\stn\rc_src\sigpro\vs16\release\sigpro_dll\tictoc.pdb
o:\stn\rc_src\sigpro\vs16\release\sigpro_dll\tictoc.obj
o:\stn\rc_src\sigpro\vs16\release\sigpro_dll\vector.pdb
o:\stn\rc_src\sigpro\vs16\release\sigpro_dll\vector.obj
o:\stn\rc_src\sigpro\vs16\release\sigpro_dll\version.pdb
o:\stn\rc_src\sigpro\vs16\release\sigpro_dll\version.obj
o:\stn\rc_src\sigpro\vs16\release\sigpro_dll\wavrw.pdb
o:\stn\rc_src\sigpro\vs16\release\sigpro_dll\wavrw.obj
o:\stn\rc_src\sigpro\vs16\release\sigpro_dll\window.pdb
o:\stn\rc_src\sigpro\vs16\release\sigpro_dll\window.obj
o:\stn\rc_src\sigpro\vs16\release\sigpro_dll\sigpro_dll.lib
o:\stn\rc_src\sigpro\vs16\release\sigpro_dll\sigpro_dll.exp
o:\stn\rc_src\sigpro\vs16\release\sigpro_dll\sigpro_dll.tlog\link.read.1.tlog
o:\stn\rc_src\sigpro\vs16\release\sigpro_dll\sigpro_dll.tlog\link.command.1.tlog
o:\stn\rc_src\sigpro\vs16\release\sigpro_dll\sigpro_dll.tlog\link.write.1.tlog
o:\stn\rc_src\sigpro\vs16\release\sigpro_dll\sigpro_dll.tlog\cl.read.1.tlog
o:\stn\rc_src\sigpro\vs16\release\sigpro_dll\sigpro_dll.tlog\link.secondary.1.tlog
o:\stn\rc_src\sigpro\vs16\release\sigpro_dll\sigpro_dll.tlog\cl.command.1.tlog
o:\stn\rc_src\sigpro\vs16\release\sigpro_dll\sigpro_dll.tlog\cl.write.1.tlog
o:\stn\rc_src\sigpro\vs16\release\sigpro_dll\sigpro_dll.tlog\cl.items.tlog
