n:\stn\rc_src\sigpro\vs16\release\sigpro_lib\sigpro.lib
n:\stn\rc_src\sigpro\vs16\release\sigpro_lib\anafilt.pdb
n:\stn\rc_src\sigpro\vs16\release\sigpro_lib\anafilt.obj
n:\stn\rc_src\sigpro\vs16\release\sigpro_lib\cdb.pdb
n:\stn\rc_src\sigpro\vs16\release\sigpro_lib\cdb.obj
n:\stn\rc_src\sigpro\vs16\release\sigpro_lib\chirp.pdb
n:\stn\rc_src\sigpro\vs16\release\sigpro_lib\chirp.obj
n:\stn\rc_src\sigpro\vs16\release\sigpro_lib\convert.pdb
n:\stn\rc_src\sigpro\vs16\release\sigpro_lib\convert.obj
n:\stn\rc_src\sigpro\vs16\release\sigpro_lib\crfft.pdb
n:\stn\rc_src\sigpro\vs16\release\sigpro_lib\crfft.obj
n:\stn\rc_src\sigpro\vs16\release\sigpro_lib\fft.pdb
n:\stn\rc_src\sigpro\vs16\release\sigpro_lib\fft.obj
n:\stn\rc_src\sigpro\vs16\release\sigpro_lib\fftfilt.pdb
n:\stn\rc_src\sigpro\vs16\release\sigpro_lib\fftfilt.obj
n:\stn\rc_src\sigpro\vs16\release\sigpro_lib\filter.pdb
n:\stn\rc_src\sigpro\vs16\release\sigpro_lib\filter.obj
n:\stn\rc_src\sigpro\vs16\release\sigpro_lib\fmins.pdb
n:\stn\rc_src\sigpro\vs16\release\sigpro_lib\fmins.obj
n:\stn\rc_src\sigpro\vs16\release\sigpro_lib\fminsearch.pdb
n:\stn\rc_src\sigpro\vs16\release\sigpro_lib\fminsearch.obj
n:\stn\rc_src\sigpro\vs16\release\sigpro_lib\freqshape.pdb
n:\stn\rc_src\sigpro\vs16\release\sigpro_lib\freqshape.obj
n:\stn\rc_src\sigpro\vs16\release\sigpro_lib\interp.pdb
n:\stn\rc_src\sigpro\vs16\release\sigpro_lib\interp.obj
n:\stn\rc_src\sigpro\vs16\release\sigpro_lib\linspace.pdb
n:\stn\rc_src\sigpro\vs16\release\sigpro_lib\linspace.obj
n:\stn\rc_src\sigpro\vs16\release\sigpro_lib\matvar.pdb
n:\stn\rc_src\sigpro\vs16\release\sigpro_lib\matvar.obj
n:\stn\rc_src\sigpro\vs16\release\sigpro_lib\rand.pdb
n:\stn\rc_src\sigpro\vs16\release\sigpro_lib\rand.obj
n:\stn\rc_src\sigpro\vs16\release\sigpro_lib\randflat.pdb
n:\stn\rc_src\sigpro\vs16\release\sigpro_lib\randflat.obj
n:\stn\rc_src\sigpro\vs16\release\sigpro_lib\rcfft.pdb
n:\stn\rc_src\sigpro\vs16\release\sigpro_lib\rcfft.obj
n:\stn\rc_src\sigpro\vs16\release\sigpro_lib\scalar.pdb
n:\stn\rc_src\sigpro\vs16\release\sigpro_lib\scalar.obj
n:\stn\rc_src\sigpro\vs16\release\sigpro_lib\tictoc.pdb
n:\stn\rc_src\sigpro\vs16\release\sigpro_lib\tictoc.obj
n:\stn\rc_src\sigpro\vs16\release\sigpro_lib\vector.pdb
n:\stn\rc_src\sigpro\vs16\release\sigpro_lib\vector.obj
n:\stn\rc_src\sigpro\vs16\release\sigpro_lib\version.pdb
n:\stn\rc_src\sigpro\vs16\release\sigpro_lib\version.obj
n:\stn\rc_src\sigpro\vs16\release\sigpro_lib\wavrw.pdb
n:\stn\rc_src\sigpro\vs16\release\sigpro_lib\wavrw.obj
n:\stn\rc_src\sigpro\vs16\release\sigpro_lib\window.pdb
n:\stn\rc_src\sigpro\vs16\release\sigpro_lib\window.obj
n:\stn\rc_src\sigpro\vs16\release\sigpro_lib\sigpro_lib.tlog\cl.read.1.tlog
n:\stn\rc_src\sigpro\vs16\release\sigpro_lib\sigpro_lib.tlog\lib.command.1.tlog
n:\stn\rc_src\sigpro\vs16\release\sigpro_lib\sigpro_lib.tlog\cl.command.1.tlog
n:\stn\rc_src\sigpro\vs16\release\sigpro_lib\sigpro_lib.tlog\lib-link.read.1.tlog
n:\stn\rc_src\sigpro\vs16\release\sigpro_lib\sigpro_lib.tlog\lib-link.write.1.tlog
n:\stn\rc_src\sigpro\vs16\release\sigpro_lib\sigpro_lib.tlog\cl.write.1.tlog
n:\stn\rc_src\sigpro\vs16\release\sigpro_lib\sigpro_lib.tlog\cl.items.tlog
