--------------------
./configure
Sun Aug 25 14:01:56 CDT 2019
Checking for gcc...
=== ztest7547.c ===
extern int getchar();
int hello() {return getchar();}
===
gcc -c ztest7547.c
... using gcc

Checking for obsessive-compulsive compiler options...
=== ztest7547.c ===
int foo() { return 0; }
===
gcc -c -O3 ztest7547.c

Checking for shared library support...
=== ztest7547.c ===
extern int getchar();
int hello() {return getchar();}
===
gcc -w -c -O3 -fPIC ztest7547.c
gcc -dynamiclib -install_name ${exec_prefix}/lib/libz.1.dylib -compatibility_version 1 -current_version 1.2.11 -O3 -fPIC -o ztest7547.dylib ztest7547.o
Building shared library libz.1.2.11.dylib with gcc.

=== ztest7547.c ===
#include <stdio.h>
#include <stdlib.h>
size_t dummy = 0;
===
gcc -c -O3 ztest7547.c
Checking for size_t... Yes.


=== ztest7547.c ===
#include <sys/types.h>
off64_t dummy = 0;
===
gcc -c -O3 -D_LARGEFILE64_SOURCE=1 ztest7547.c
ztest7547.c:2:1: error: unknown type name 'off64_t'; did you mean 'off_t'?
off64_t dummy = 0;
^~~~~~~
off_t
/Applications/Xcode.app/Contents/Developer/Platforms/MacOSX.platform/Developer/SDKs/MacOSX10.14.sdk/usr/include/sys/_types/_off_t.h:31:33: note: 'off_t' declared here
typedef __darwin_off_t          off_t;
                                ^
1 error generated.
(exit code 1)
Checking for off64_t... No.

=== ztest7547.c ===
#include <stdio.h>
int main(void) {
  fseeko(NULL, 0, 0);
  return 0;
}
===
gcc -O3 -o ztest7547 ztest7547.c
Checking for fseeko... Yes.

=== ztest7547.c ===
#include <string.h>
#include <errno.h>
int main() { return strlen(strerror(errno)); }
===
gcc -O3 -o ztest7547 ztest7547.c
Checking for strerror... Yes.

=== ztest7547.c ===
#include <unistd.h>
int main() { return 0; }
===
gcc -c -O3 ztest7547.c
Checking for unistd.h... Yes.

=== ztest7547.c ===
#include <stdarg.h>
int main() { return 0; }
===
gcc -c -O3 ztest7547.c
Checking for stdarg.h... Yes.

=== ztest7547.c ===
#include <stdio.h>
#include <stdarg.h>
#include "zconf.h"
int main()
{
#ifndef STDC
  choke me
#endif
  return 0;
}
===
gcc -c -O3 ztest7547.c
Checking whether to use vs[n]printf() or s[n]printf()... using vs[n]printf().

=== ztest7547.c ===
#include <stdio.h>
#include <stdarg.h>
int mytest(const char *fmt, ...)
{
  char buf[20];
  va_list ap;
  va_start(ap, fmt);
  vsnprintf(buf, sizeof(buf), fmt, ap);
  va_end(ap);
  return 0;
}
int main()
{
  return (mytest("Hello%d\n", 1));
}
===
gcc -O3 -o ztest7547 ztest7547.c
Checking for vsnprintf() in stdio.h... Yes.

=== ztest7547.c ===
#include <stdio.h>
#include <stdarg.h>
int mytest(const char *fmt, ...)
{
  int n;
  char buf[20];
  va_list ap;
  va_start(ap, fmt);
  n = vsnprintf(buf, sizeof(buf), fmt, ap);
  va_end(ap);
  return n;
}
int main()
{
  return (mytest("Hello%d\n", 1));
}
===
gcc -c -O3 ztest7547.c
Checking for return value of vsnprintf()... Yes.

=== ztest7547.c ===
#define ZLIB_INTERNAL __attribute__((visibility ("hidden")))
int ZLIB_INTERNAL foo;
int main()
{
  return 0;
}
===
gcc -c -O3 ztest7547.c
Checking for attribute(visibility) support... Yes.

ALL = static shared
AR = libtool
ARFLAGS = -o
CC = gcc
CFLAGS = -O3 -DHAVE_HIDDEN
CPP = gcc -E
EXE =
LDCONFIG = ldconfig
LDFLAGS =
LDSHARED = gcc -dynamiclib -install_name ${exec_prefix}/lib/libz.1.dylib -compatibility_version 1 -current_version 1.2.11
LDSHAREDLIBC = -lc
OBJC = $(OBJZ) $(OBJG)
PIC_OBJC = $(PIC_OBJZ) $(PIC_OBJG)
RANLIB = ranlib
SFLAGS = -O3 -fPIC -DHAVE_HIDDEN
SHAREDLIB = libz.dylib
SHAREDLIBM = libz.1.dylib
SHAREDLIBV = libz.1.2.11.dylib
STATICLIB = libz.a
TEST = all teststatic testshared
VER = 1.2.11
Z_U4 =
SRCDIR =
exec_prefix = ${prefix}
includedir = ${prefix}/include
libdir = ${exec_prefix}/lib
mandir = ${prefix}/share/man
prefix = /usr/local
sharedlibdir = ${libdir}
uname = Darwin
--------------------


--------------------
configure
Sun Aug 25 14:06:12 SAPST 2019
Checking for gcc...
=== ztest6724.c ===
extern int getchar();
int hello() {return getchar();}
===
gcc -c ztest6724.c
... using gcc
Please use win32/Makefile.gcc instead.
** configure aborting.
--------------------


