n:\stn\rc_src\sigpro\vs16\arm64\release\zlib\zlib.lib
n:\stn\rc_src\sigpro\vs16\arm64\release\zlib\adler32.pdb
n:\stn\rc_src\sigpro\vs16\arm64\release\zlib\adler32.obj
n:\stn\rc_src\sigpro\vs16\arm64\release\zlib\compress.pdb
n:\stn\rc_src\sigpro\vs16\arm64\release\zlib\compress.obj
n:\stn\rc_src\sigpro\vs16\arm64\release\zlib\crc32.pdb
n:\stn\rc_src\sigpro\vs16\arm64\release\zlib\crc32.obj
n:\stn\rc_src\sigpro\vs16\arm64\release\zlib\deflate.pdb
n:\stn\rc_src\sigpro\vs16\arm64\release\zlib\deflate.obj
n:\stn\rc_src\sigpro\vs16\arm64\release\zlib\gzio.pdb
n:\stn\rc_src\sigpro\vs16\arm64\release\zlib\gzio.obj
n:\stn\rc_src\sigpro\vs16\arm64\release\zlib\infback.pdb
n:\stn\rc_src\sigpro\vs16\arm64\release\zlib\infback.obj
n:\stn\rc_src\sigpro\vs16\arm64\release\zlib\inffast.pdb
n:\stn\rc_src\sigpro\vs16\arm64\release\zlib\inffast.obj
n:\stn\rc_src\sigpro\vs16\arm64\release\zlib\inflate.pdb
n:\stn\rc_src\sigpro\vs16\arm64\release\zlib\inflate.obj
n:\stn\rc_src\sigpro\vs16\arm64\release\zlib\inftrees.pdb
n:\stn\rc_src\sigpro\vs16\arm64\release\zlib\inftrees.obj
n:\stn\rc_src\sigpro\vs16\arm64\release\zlib\trees.pdb
n:\stn\rc_src\sigpro\vs16\arm64\release\zlib\trees.obj
n:\stn\rc_src\sigpro\vs16\arm64\release\zlib\uncompr.pdb
n:\stn\rc_src\sigpro\vs16\arm64\release\zlib\uncompr.obj
n:\stn\rc_src\sigpro\vs16\arm64\release\zlib\zutil.pdb
n:\stn\rc_src\sigpro\vs16\arm64\release\zlib\zutil.obj
n:\stn\rc_src\sigpro\vs16\arm64\release\zlib\zlib.tlog\cl.read.1.tlog
n:\stn\rc_src\sigpro\vs16\arm64\release\zlib\zlib.tlog\lib.command.1.tlog
n:\stn\rc_src\sigpro\vs16\arm64\release\zlib\zlib.tlog\cl.command.1.tlog
n:\stn\rc_src\sigpro\vs16\arm64\release\zlib\zlib.tlog\lib-link.read.1.tlog
n:\stn\rc_src\sigpro\vs16\arm64\release\zlib\zlib.tlog\lib-link.write.1.tlog
n:\stn\rc_src\sigpro\vs16\arm64\release\zlib\zlib.tlog\cl.write.1.tlog
n:\stn\rc_src\sigpro\vs16\arm64\release\zlib\zlib.tlog\cl.items.tlog
